2026-08-21 03:47:43,208 [INFO] root: ============================================================
2026-08-21 03:47:43,208 [INFO] root: بدء تشغيل نظام الإمداد والتموين
2026-08-21 03:47:43,209 [INFO] root: ============================================================
2026-08-21 03:47:43,209 [INFO] root: تهيئة قاعدة البيانات...
2026-08-21 03:47:58,210 [INFO] root: تم تشغيل التطبيق بنجاح
2026-08-21 03:48:54,794 [INFO] root: ============================================================
2026-08-21 03:48:54,794 [INFO] root: بدء تشغيل نظام الإمداد والتموين
2026-08-21 03:48:54,794 [INFO] root: ============================================================
2026-08-21 03:48:54,795 [INFO] root: تهيئة قاعدة البيانات...
2026-08-21 03:48:56,823 [INFO] root: تم تشغيل التطبيق بنجاح
2026-08-21 04:29:13,129 [INFO] root: ============================================================
2026-08-21 04:29:13,130 [INFO] root: بدء تشغيل نظام الإمداد والتموين
2026-08-21 04:29:13,130 [INFO] root: ============================================================
2026-08-21 04:29:13,131 [INFO] root: تهيئة قاعدة البيانات...
2026-08-21 04:29:18,215 [INFO] root: تم تشغيل التطبيق بنجاح
2026-08-21 06:47:56,244 [INFO] root: ============================================================
2026-08-21 06:47:56,245 [INFO] root: بدء تشغيل نظام الإمداد والتموين
2026-08-21 06:47:56,246 [INFO] root: ============================================================
2026-08-21 06:47:56,246 [INFO] root: تهيئة قاعدة البيانات...
2026-08-21 06:48:13,974 [INFO] root: تم تشغيل التطبيق بنجاح
2026-08-21 06:48:32,098 [INFO] root: ============================================================
2026-08-21 06:48:32,099 [INFO] root: بدء تشغيل نظام الإمداد والتموين
2026-08-21 06:48:32,100 [INFO] root: ============================================================
2026-08-21 06:48:32,100 [INFO] root: تهيئة قاعدة البيانات...
2026-08-21 06:48:36,987 [INFO] root: تم تشغيل التطبيق بنجاح
2026-08-21 06:55:53,606 [INFO] root: ============================================================
2026-08-21 06:55:53,607 [INFO] root: بدء تشغيل نظام الإمداد والتموين
2026-08-21 06:55:53,607 [INFO] root: ============================================================
2026-08-21 06:55:53,607 [INFO] root: تهيئة قاعدة البيانات...
2026-08-21 06:55:58,056 [INFO] root: تم تشغيل التطبيق بنجاح
2026-08-21 07:50:49,250 [INFO] root: ============================================================
2026-08-21 07:50:49,251 [INFO] root: بدء تشغيل نظام الإمداد والتموين
2026-08-21 07:50:49,251 [INFO] root: ============================================================
2026-08-21 07:50:49,251 [INFO] root: تهيئة قاعدة البيانات...
2026-08-21 07:53:02,204 [INFO] root: ============================================================
2026-08-21 07:53:02,205 [INFO] root: بدء تشغيل نظام الإمداد والتموين
2026-08-21 07:53:02,209 [INFO] root: ============================================================
2026-08-21 07:53:02,210 [INFO] root: تهيئة قاعدة البيانات...
2026-08-21 07:54:50,200 [INFO] root: ============================================================
2026-08-21 07:54:50,202 [INFO] root: بدء تشغيل نظام الإمداد والتموين
2026-08-21 07:54:50,203 [INFO] root: ============================================================
2026-08-21 07:54:50,204 [INFO] root: تهيئة قاعدة البيانات...
2026-08-21 07:55:19,127 [INFO] root: ============================================================
2026-08-21 07:55:19,128 [INFO] root: بدء تشغيل نظام الإمداد والتموين
2026-08-21 07:55:19,128 [INFO] root: ============================================================
2026-08-21 07:55:19,129 [INFO] root: تهيئة قاعدة البيانات...
2026-08-21 07:55:32,540 [INFO] root: ============================================================
2026-08-21 07:55:32,541 [INFO] root: بدء تشغيل نظام الإمداد والتموين
2026-08-21 07:55:32,541 [INFO] root: ============================================================
2026-08-21 07:55:32,541 [INFO] root: تهيئة قاعدة البيانات...
2026-08-21 07:58:10,732 [INFO] root: ============================================================
2026-08-21 07:58:10,732 [INFO] root: بدء تشغيل نظام الإمداد والتموين
2026-08-21 07:58:10,733 [INFO] root: ============================================================
2026-08-21 07:58:10,733 [INFO] root: تهيئة قاعدة البيانات...
2026-08-21 08:06:27,801 [INFO] root: ============================================================
2026-08-21 08:06:27,801 [INFO] root: بدء تشغيل نظام الإمداد والتموين
2026-08-21 08:06:27,802 [INFO] root: ============================================================
2026-08-21 08:06:27,802 [INFO] root: تهيئة قاعدة البيانات...
2026-08-21 22:49:25,125 [INFO] root: ============================================================
2026-08-21 22:49:25,153 [INFO] root: بدء تشغيل نظام الإمداد والتموين
2026-08-21 22:49:25,153 [INFO] root: ============================================================
2026-08-21 22:49:25,154 [INFO] root: تهيئة قاعدة البيانات...
2026-08-21 22:49:39,765 [INFO] root: ============================================================
2026-08-21 22:49:39,765 [INFO] root: بدء تشغيل نظام الإمداد والتموين
2026-08-21 22:49:39,766 [INFO] root: ============================================================
2026-08-21 22:49:39,766 [INFO] root: تهيئة قاعدة البيانات...
2026-08-21 22:58:08,088 [INFO] root: ============================================================
2026-08-21 22:58:08,089 [INFO] root: بدء تشغيل نظام الإمداد والتموين
2026-08-21 22:58:08,090 [INFO] root: ============================================================
2026-08-21 22:58:08,091 [INFO] root: تهيئة قاعدة البيانات...
2026-08-21 23:06:08,234 [INFO] root: ============================================================
2026-08-21 23:06:08,235 [INFO] root: بدء تشغيل نظام الإمداد والتموين
2026-08-21 23:06:08,235 [INFO] root: ============================================================
2026-08-21 23:06:08,236 [INFO] root: تهيئة قاعدة البيانات...
2026-08-21 23:08:33,688 [INFO] root: ============================================================
2026-08-21 23:08:33,688 [INFO] root: بدء تشغيل نظام الإمداد والتموين
2026-08-21 23:08:33,689 [INFO] root: ============================================================
2026-08-21 23:08:33,689 [INFO] root: تهيئة قاعدة البيانات...
2026-08-21 23:09:55,219 [INFO] root: ============================================================
2026-08-21 23:09:55,220 [INFO] root: بدء تشغيل نظام الإمداد والتموين
2026-08-21 23:09:55,220 [INFO] root: ============================================================
2026-08-21 23:09:55,220 [INFO] root: تهيئة قاعدة البيانات...
2026-08-21 23:10:39,579 [INFO] root: ============================================================
2026-08-21 23:10:39,579 [INFO] root: بدء تشغيل نظام الإمداد والتموين
2026-08-21 23:10:39,580 [INFO] root: ============================================================
2026-08-21 23:10:39,580 [INFO] root: تهيئة قاعدة البيانات...
2026-08-21 23:53:10,284 [INFO] root: ============================================================
2026-08-21 23:53:10,286 [INFO] root: بدء تشغيل نظام الإمداد والتموين
2026-08-21 23:53:10,287 [INFO] root: ============================================================
2026-08-21 23:53:10,289 [INFO] root: تهيئة قاعدة البيانات...
2026-08-21 23:54:09,756 [INFO] root: ============================================================
2026-08-21 23:54:09,757 [INFO] root: بدء تشغيل نظام الإمداد والتموين
2026-08-21 23:54:09,758 [INFO] root: ============================================================
2026-08-21 23:54:09,759 [INFO] root: تهيئة قاعدة البيانات...
2026-08-21 23:56:02,602 [INFO] root: ============================================================
2026-08-21 23:56:02,603 [INFO] root: بدء تشغيل نظام الإمداد والتموين
2026-08-21 23:56:02,603 [INFO] root: ============================================================
2026-08-21 23:56:02,604 [INFO] root: تهيئة قاعدة البيانات...
2026-08-21 23:59:42,896 [INFO] root: ============================================================
2026-08-21 23:59:42,897 [INFO] root: بدء تشغيل نظام الإمداد والتموين
2026-08-21 23:59:42,897 [INFO] root: ============================================================
2026-08-21 23:59:42,898 [INFO] root: تهيئة قاعدة البيانات...
2026-08-22 00:01:35,068 [INFO] root: ============================================================
2026-08-22 00:01:35,069 [INFO] root: بدء تشغيل نظام الإمداد والتموين
2026-08-22 00:01:35,069 [INFO] root: ============================================================
2026-08-22 00:01:35,070 [INFO] root: تهيئة قاعدة البيانات...
2026-08-22 00:02:44,755 [INFO] root: ============================================================
2026-08-22 00:02:44,757 [INFO] root: بدء تشغيل نظام الإمداد والتموين
2026-08-22 00:02:44,758 [INFO] root: ============================================================
2026-08-22 00:02:44,759 [INFO] root: تهيئة قاعدة البيانات...
2026-08-22 00:05:04,535 [INFO] root: ============================================================
2026-08-22 00:05:04,536 [INFO] root: بدء تشغيل نظام الإمداد والتموين
2026-08-22 00:05:04,537 [INFO] root: ============================================================
2026-08-22 00:05:04,537 [INFO] root: تهيئة قاعدة البيانات...
2026-08-22 00:06:29,217 [INFO] root: ============================================================
2026-08-22 00:06:29,217 [INFO] root: بدء تشغيل نظام الإمداد والتموين
2026-08-22 00:06:29,218 [INFO] root: ============================================================
2026-08-22 00:06:29,218 [INFO] root: تهيئة قاعدة البيانات...
2026-08-22 00:08:34,377 [INFO] root: ============================================================
2026-08-22 00:08:34,379 [INFO] root: بدء تشغيل نظام الإمداد والتموين
2026-08-22 00:08:34,380 [INFO] root: ============================================================
2026-08-22 00:08:34,381 [INFO] root: تهيئة قاعدة البيانات...
2026-08-22 00:09:27,508 [INFO] root: ============================================================
2026-08-22 00:09:27,508 [INFO] root: بدء تشغيل نظام الإمداد والتموين
2026-08-22 00:09:27,509 [INFO] root: ============================================================
2026-08-22 00:09:27,509 [INFO] root: تهيئة قاعدة البيانات...
2026-08-22 00:10:18,219 [INFO] root: ============================================================
2026-08-22 00:10:18,220 [INFO] root: بدء تشغيل نظام الإمداد والتموين
2026-08-22 00:10:18,221 [INFO] root: ============================================================
2026-08-22 00:10:18,224 [INFO] root: تهيئة قاعدة البيانات...
2026-08-22 00:12:17,832 [INFO] root: ============================================================
2026-08-22 00:12:17,833 [INFO] root: بدء تشغيل نظام الإمداد والتموين
2026-08-22 00:12:17,833 [INFO] root: ============================================================
2026-08-22 00:12:17,834 [INFO] root: تهيئة قاعدة البيانات...
2026-08-22 00:26:25,151 [INFO] root: ============================================================
2026-08-22 00:26:25,151 [INFO] root: بدء تشغيل نظام الإمداد والتموين
2026-08-22 00:26:25,152 [INFO] root: ============================================================
2026-08-22 00:26:25,152 [INFO] root: تهيئة قاعدة البيانات...
2026-08-22 00:29:56,138 [INFO] root: ============================================================
2026-08-22 00:29:56,139 [INFO] root: بدء تشغيل نظام الإمداد والتموين
2026-08-22 00:29:56,139 [INFO] root: ============================================================
2026-08-22 00:29:56,140 [INFO] root: تهيئة قاعدة البيانات...
2026-08-22 22:44:22,991 [INFO] root: ============================================================
2026-08-22 22:44:23,019 [INFO] root: بدء تشغيل نظام الإمداد والتموين
2026-08-22 22:44:23,020 [INFO] root: ============================================================
2026-08-22 22:44:23,020 [INFO] root: تهيئة قاعدة البيانات...
2026-08-24 00:40:27,582 [INFO] root: ============================================================
2026-08-24 00:40:27,583 [INFO] root: بدء تشغيل نظام الإمداد والتموين
2026-08-24 00:40:27,583 [INFO] root: ============================================================
2026-08-24 00:40:27,583 [INFO] root: تهيئة قاعدة البيانات...
2026-08-24 00:53:13,733 [INFO] root: ============================================================
2026-08-24 00:53:13,733 [INFO] root: بدء تشغيل نظام الإمداد والتموين
2026-08-24 00:53:13,733 [INFO] root: ============================================================
2026-08-24 00:53:13,734 [INFO] root: تهيئة قاعدة البيانات...
2026-08-24 01:20:07,999 [INFO] root: ============================================================
2026-08-24 01:20:08,000 [INFO] root: بدء تشغيل نظام الإمداد والتموين
2026-08-24 01:20:08,001 [INFO] root: ============================================================
2026-08-24 01:20:08,002 [INFO] root: تهيئة قاعدة البيانات...
2026-08-24 01:20:21,550 [INFO] root: ============================================================
2026-08-24 01:20:21,550 [INFO] root: بدء تشغيل نظام الإمداد والتموين
2026-08-24 01:20:21,550 [INFO] root: ============================================================
2026-08-24 01:20:21,550 [INFO] root: تهيئة قاعدة البيانات...
2026-08-24 01:56:42,671 [INFO] root: ============================================================
2026-08-24 01:56:42,671 [INFO] root: بدء تشغيل نظام الإمداد والتموين
2026-08-24 01:56:42,671 [INFO] root: ============================================================
2026-08-24 01:56:42,672 [INFO] root: تهيئة قاعدة البيانات...
2026-08-24 01:58:28,204 [INFO] root: ============================================================
2026-08-24 01:58:28,204 [INFO] root: بدء تشغيل نظام الإمداد والتموين
2026-08-24 01:58:28,205 [INFO] root: ============================================================
2026-08-24 01:58:28,205 [INFO] root: تهيئة قاعدة البيانات...
2026-08-24 01:59:03,806 [INFO] root: ============================================================
2026-08-24 01:59:03,807 [INFO] root: بدء تشغيل نظام الإمداد والتموين
2026-08-24 01:59:03,807 [INFO] root: ============================================================
2026-08-24 01:59:03,807 [INFO] root: تهيئة قاعدة البيانات...
2026-08-24 01:59:45,709 [INFO] root: ============================================================
2026-08-24 01:59:45,709 [INFO] root: بدء تشغيل نظام الإمداد والتموين
2026-08-24 01:59:45,710 [INFO] root: ============================================================
2026-08-24 01:59:45,710 [INFO] root: تهيئة قاعدة البيانات...
2026-08-24 02:00:44,638 [INFO] root: ============================================================
2026-08-24 02:00:44,639 [INFO] root: بدء تشغيل نظام الإمداد والتموين
2026-08-24 02:00:44,639 [INFO] root: ============================================================
2026-08-24 02:00:44,639 [INFO] root: تهيئة قاعدة البيانات...
2026-08-24 02:01:41,085 [INFO] root: ============================================================
2026-08-24 02:01:41,086 [INFO] root: بدء تشغيل نظام الإمداد والتموين
2026-08-24 02:01:41,086 [INFO] root: ============================================================
2026-08-24 02:01:41,086 [INFO] root: تهيئة قاعدة البيانات...
2026-08-24 02:03:01,568 [INFO] root: ============================================================
2026-08-24 02:03:01,569 [INFO] root: بدء تشغيل نظام الإمداد والتموين
2026-08-24 02:03:01,569 [INFO] root: ============================================================
2026-08-24 02:03:01,569 [INFO] root: تهيئة قاعدة البيانات...
2026-08-24 02:03:39,385 [INFO] root: ============================================================
2026-08-24 02:03:39,385 [INFO] root: بدء تشغيل نظام الإمداد والتموين
2026-08-24 02:03:39,385 [INFO] root: ============================================================
2026-08-24 02:03:39,386 [INFO] root: تهيئة قاعدة البيانات...
2026-08-26 03:30:28,463 [INFO] root: ============================================================
2026-08-26 03:30:28,491 [INFO] root: بدء تشغيل نظام الإمداد والتموين
2026-08-26 03:30:28,492 [INFO] root: ============================================================
2026-08-26 03:30:28,493 [INFO] root: تهيئة قاعدة البيانات...
2026-08-27 00:34:40,919 [INFO] root: ============================================================
2026-08-27 00:34:40,946 [INFO] root: بدء تشغيل نظام الإمداد والتموين
2026-08-27 00:34:40,947 [INFO] root: ============================================================
2026-08-27 00:34:40,947 [INFO] root: تهيئة قاعدة البيانات...
2026-08-27 00:50:23,463 [INFO] root: ============================================================
2026-08-27 00:50:23,465 [INFO] root: بدء تشغيل نظام الإمداد والتموين
2026-08-27 00:50:23,466 [INFO] root: ============================================================
2026-08-27 00:50:23,468 [INFO] root: تهيئة قاعدة البيانات...
2026-08-27 00:52:04,408 [INFO] root: ============================================================
2026-08-27 00:52:04,410 [INFO] root: بدء تشغيل نظام الإمداد والتموين
2026-08-27 00:52:04,412 [INFO] root: ============================================================
2026-08-27 00:52:04,413 [INFO] root: تهيئة قاعدة البيانات...
2026-08-27 00:52:59,965 [INFO] root: ============================================================
2026-08-27 00:52:59,993 [INFO] root: بدء تشغيل نظام الإمداد والتموين
2026-08-27 00:52:59,994 [INFO] root: ============================================================
2026-08-27 00:52:59,995 [INFO] root: تهيئة قاعدة البيانات...
2026-08-27 01:15:43,727 [INFO] root: ============================================================
2026-08-27 01:15:43,728 [INFO] root: بدء تشغيل نظام الإمداد والتموين
2026-08-27 01:15:43,729 [INFO] root: ============================================================
2026-08-27 01:15:43,729 [INFO] root: تهيئة قاعدة البيانات...
2026-08-27 01:20:52,015 [INFO] root: ============================================================
2026-08-27 01:20:52,045 [INFO] root: بدء تشغيل نظام الإمداد والتموين
2026-08-27 01:20:52,047 [INFO] root: ============================================================
2026-08-27 01:20:52,049 [INFO] root: تهيئة قاعدة البيانات...
2026-08-27 01:21:51,580 [INFO] root: ============================================================
2026-08-27 01:21:51,609 [INFO] root: بدء تشغيل نظام الإمداد والتموين
2026-08-27 01:21:51,611 [INFO] root: ============================================================
2026-08-27 01:21:51,613 [INFO] root: تهيئة قاعدة البيانات...
2026-08-27 01:37:28,337 [INFO] root: ============================================================
2026-08-27 01:37:28,337 [INFO] root: بدء تشغيل نظام الإمداد والتموين
2026-08-27 01:37:28,337 [INFO] root: ============================================================
2026-08-27 01:37:28,337 [INFO] root: تهيئة قاعدة البيانات...
2026-08-27 02:13:12,853 [INFO] root: ============================================================
2026-08-27 02:13:12,881 [INFO] root: بدء تشغيل نظام الإمداد والتموين
2026-08-27 02:13:12,883 [INFO] root: ============================================================
2026-08-27 02:13:12,884 [INFO] root: تهيئة قاعدة البيانات...
2026-08-27 02:16:25,199 [INFO] root: ============================================================
2026-08-27 02:16:25,228 [INFO] root: بدء تشغيل نظام الإمداد والتموين
2026-08-27 02:16:25,231 [INFO] root: ============================================================
2026-08-27 02:16:25,233 [INFO] root: تهيئة قاعدة البيانات...
2026-08-27 02:22:39,539 [INFO] root: ============================================================
2026-08-27 02:22:39,568 [INFO] root: بدء تشغيل نظام الإمداد والتموين
2026-08-27 02:22:39,569 [INFO] root: ============================================================
2026-08-27 02:22:39,571 [INFO] root: تهيئة قاعدة البيانات...
2026-08-27 02:36:19,241 [INFO] root: ============================================================
2026-08-27 02:36:19,242 [INFO] root: بدء تشغيل نظام الإمداد والتموين
2026-08-27 02:36:19,242 [INFO] root: ============================================================
2026-08-27 02:36:19,243 [INFO] root: تهيئة قاعدة البيانات...
2026-08-27 02:36:33,463 [INFO] root: ============================================================
2026-08-27 02:36:33,492 [INFO] root: بدء تشغيل نظام الإمداد والتموين
2026-08-27 02:36:33,493 [INFO] root: ============================================================
2026-08-27 02:36:33,495 [INFO] root: تهيئة قاعدة البيانات...
2026-08-27 02:38:00,713 [INFO] root: ============================================================
2026-08-27 02:38:00,734 [INFO] root: بدء تشغيل نظام الإمداد والتموين
2026-08-27 02:38:00,736 [INFO] root: ============================================================
2026-08-27 02:38:00,739 [INFO] root: تهيئة قاعدة البيانات...
2026-08-27 02:43:53,860 [INFO] root: ============================================================
2026-08-27 02:43:53,861 [INFO] root: بدء تشغيل نظام الإمداد والتموين
2026-08-27 02:43:53,861 [INFO] root: ============================================================
2026-08-27 02:43:53,861 [INFO] root: تهيئة قاعدة البيانات...
2026-08-27 02:46:41,642 [INFO] root: ============================================================
2026-08-27 02:46:41,643 [INFO] root: بدء تشغيل نظام الإمداد والتموين
2026-08-27 02:46:41,643 [INFO] root: ============================================================
2026-08-27 02:46:41,644 [INFO] root: تهيئة قاعدة البيانات...
2026-08-27 02:47:05,081 [INFO] root: تم تشغيل التطبيق بنجاح
2026-08-27 03:42:54,302 [INFO] root: ============================================================
2026-08-27 03:42:54,302 [INFO] root: بدء تشغيل نظام الإمداد والتموين
2026-08-27 03:42:54,302 [INFO] root: ============================================================
2026-08-27 03:42:54,302 [INFO] root: تهيئة قاعدة البيانات...
2026-08-27 03:42:56,851 [INFO] root: تم تشغيل التطبيق بنجاح
2026-08-27 03:47:49,366 [INFO] root: ============================================================
2026-08-27 03:47:49,366 [INFO] root: بدء تشغيل نظام الإمداد والتموين
2026-08-27 03:47:49,366 [INFO] root: ============================================================
2026-08-27 03:47:49,367 [INFO] root: تهيئة قاعدة البيانات...
2026-08-27 03:48:12,879 [INFO] root: تم تشغيل التطبيق بنجاح
2026-08-27 04:05:49,127 [INFO] root: ============================================================
2026-08-27 04:05:49,127 [INFO] root: بدء تشغيل نظام الإمداد والتموين
2026-08-27 04:05:49,127 [INFO] root: ============================================================
2026-08-27 04:05:49,128 [INFO] root: تهيئة قاعدة البيانات...
2026-08-27 04:07:05,350 [INFO] root: تم تشغيل التطبيق بنجاح
2026-08-27 04:17:53,947 [INFO] root: ============================================================
2026-08-27 04:17:53,948 [INFO] root: بدء تشغيل نظام الإمداد والتموين
2026-08-27 04:17:53,948 [INFO] root: ============================================================
2026-08-27 04:17:53,948 [INFO] root: تهيئة قاعدة البيانات...
2026-08-27 04:18:15,383 [INFO] root: تم تشغيل التطبيق بنجاح
2026-08-27 04:21:35,925 [INFO] root: ============================================================
2026-08-27 04:21:35,926 [INFO] root: بدء تشغيل نظام الإمداد والتموين
2026-08-27 04:21:35,926 [INFO] root: ============================================================
2026-08-27 04:21:35,927 [INFO] root: تهيئة قاعدة البيانات...
2026-08-27 04:21:58,893 [INFO] root: تم تشغيل التطبيق بنجاح
2026-08-27 04:46:58,212 [INFO] root: ============================================================
2026-08-27 04:46:58,213 [INFO] root: بدء تشغيل نظام الإمداد والتموين
2026-08-27 04:46:58,213 [INFO] root: ============================================================
2026-08-27 04:46:58,214 [INFO] root: تهيئة قاعدة البيانات...
2026-08-27 04:47:26,538 [INFO] root: تم تشغيل التطبيق بنجاح
2026-08-27 04:48:54,556 [INFO] root: ============================================================
2026-08-27 04:48:54,556 [INFO] root: بدء تشغيل نظام الإمداد والتموين
2026-08-27 04:48:54,557 [INFO] root: ============================================================
2026-08-27 04:48:54,557 [INFO] root: تهيئة قاعدة البيانات...
2026-09-01 00:58:34,524 [INFO] root: ============================================================
2026-09-01 00:58:34,525 [INFO] root: بدء تشغيل نظام الإمداد والتموين
2026-09-01 00:58:34,525 [INFO] root: ============================================================
2026-09-01 00:58:34,525 [INFO] root: تهيئة قاعدة البيانات...
2026-09-01 01:00:19,078 [INFO] root: ============================================================
2026-09-01 01:00:19,078 [INFO] root: بدء تشغيل نظام الإمداد والتموين
2026-09-01 01:00:19,078 [INFO] root: ============================================================
2026-09-01 01:00:19,078 [INFO] root: تهيئة قاعدة البيانات...
2026-09-01 01:00:38,585 [INFO] root: ============================================================
2026-09-01 01:00:38,585 [INFO] root: بدء تشغيل نظام الإمداد والتموين
2026-09-01 01:00:38,585 [INFO] root: ============================================================
2026-09-01 01:00:38,585 [INFO] root: تهيئة قاعدة البيانات...
2026-09-01 01:01:31,630 [INFO] root: ============================================================
2026-09-01 01:01:31,630 [INFO] root: بدء تشغيل نظام الإمداد والتموين
2026-09-01 01:01:31,630 [INFO] root: ============================================================
2026-09-01 01:01:31,630 [INFO] root: تهيئة قاعدة البيانات...
2026-09-01 01:01:42,366 [INFO] root: ============================================================
2026-09-01 01:01:42,367 [INFO] root: بدء تشغيل نظام الإمداد والتموين
2026-09-01 01:01:42,367 [INFO] root: ============================================================
2026-09-01 01:01:42,367 [INFO] root: تهيئة قاعدة البيانات...
2026-09-01 01:03:39,873 [INFO] root: ============================================================
2026-09-01 01:03:39,874 [INFO] root: بدء تشغيل نظام الإمداد والتموين
2026-09-01 01:03:39,874 [INFO] root: ============================================================
2026-09-01 01:03:39,874 [INFO] root: تهيئة قاعدة البيانات...
2026-09-01 01:04:03,814 [INFO] root: تم تشغيل التطبيق بنجاح
2026-09-01 01:14:47,849 [INFO] root: ============================================================
2026-09-01 01:14:47,850 [INFO] root: بدء تشغيل نظام الإمداد والتموين
2026-09-01 01:14:47,850 [INFO] root: ============================================================
2026-09-01 01:14:47,850 [INFO] root: تهيئة قاعدة البيانات...
2026-09-01 01:15:16,786 [INFO] root: تم تشغيل التطبيق بنجاح
2026-09-01 01:28:02,613 [INFO] root: ============================================================
2026-09-01 01:28:02,613 [INFO] root: بدء تشغيل نظام الإمداد والتموين
2026-09-01 01:28:02,614 [INFO] root: ============================================================
2026-09-01 01:28:02,614 [INFO] root: تهيئة قاعدة البيانات...
2026-09-01 01:28:25,500 [INFO] root: تم تشغيل التطبيق بنجاح
2026-09-01 01:32:43,061 [INFO] root: ============================================================
2026-09-01 01:32:43,062 [INFO] root: بدء تشغيل نظام الإمداد والتموين
2026-09-01 01:32:43,062 [INFO] root: ============================================================
2026-09-01 01:32:43,062 [INFO] root: تهيئة قاعدة البيانات...
2026-09-01 01:33:03,593 [INFO] root: تم تشغيل التطبيق بنجاح
2026-09-01 02:06:30,439 [INFO] root: ============================================================
2026-09-01 02:06:30,440 [INFO] root: بدء تشغيل نظام الإمداد والتموين
2026-09-01 02:06:30,440 [INFO] root: ============================================================
2026-09-01 02:06:30,440 [INFO] root: تهيئة قاعدة البيانات...
2026-09-01 02:11:05,176 [INFO] root: ============================================================
2026-09-01 02:11:05,177 [INFO] root: بدء تشغيل نظام الإمداد والتموين
2026-09-01 02:11:05,177 [INFO] root: ============================================================
2026-09-01 02:11:05,177 [INFO] root: تهيئة قاعدة البيانات...
2026-09-01 02:18:58,801 [INFO] root: ============================================================
2026-09-01 02:18:58,801 [INFO] root: بدء تشغيل نظام الإمداد والتموين
2026-09-01 02:18:58,801 [INFO] root: ============================================================
2026-09-01 02:18:58,801 [INFO] root: تهيئة قاعدة البيانات...
2026-09-01 02:26:39,519 [INFO] root: ============================================================
2026-09-01 02:26:39,519 [INFO] root: بدء تشغيل نظام الإمداد والتموين
2026-09-01 02:26:39,519 [INFO] root: ============================================================
2026-09-01 02:26:39,519 [INFO] root: تهيئة قاعدة البيانات...
2026-09-01 02:53:59,974 [INFO] root: ============================================================
2026-09-01 02:53:59,974 [INFO] root: بدء تشغيل نظام الإمداد والتموين
2026-09-01 02:53:59,974 [INFO] root: ============================================================
2026-09-01 02:53:59,974 [INFO] root: تهيئة قاعدة البيانات...
2026-09-01 02:55:37,014 [INFO] root: ============================================================
2026-09-01 02:55:37,014 [INFO] root: بدء تشغيل نظام الإمداد والتموين
2026-09-01 02:55:37,014 [INFO] root: ============================================================
2026-09-01 02:55:37,014 [INFO] root: تهيئة قاعدة البيانات...
2026-09-01 02:57:07,697 [INFO] root: ============================================================
2026-09-01 02:57:07,697 [INFO] root: بدء تشغيل نظام الإمداد والتموين
2026-09-01 02:57:07,698 [INFO] root: ============================================================
2026-09-01 02:57:07,698 [INFO] root: تهيئة قاعدة البيانات...
2026-09-01 03:02:38,868 [INFO] root: ============================================================
2026-09-01 03:02:38,868 [INFO] root: بدء تشغيل نظام الإمداد والتموين
2026-09-01 03:02:38,869 [INFO] root: ============================================================
2026-09-01 03:02:38,869 [INFO] root: تهيئة قاعدة البيانات...
2026-09-01 03:07:02,556 [INFO] root: ============================================================
2026-09-01 03:07:02,556 [INFO] root: بدء تشغيل نظام الإمداد والتموين
2026-09-01 03:07:02,556 [INFO] root: ============================================================
2026-09-01 03:07:02,556 [INFO] root: تهيئة قاعدة البيانات...
2026-09-01 03:07:11,410 [INFO] root: ============================================================
2026-09-01 03:07:11,410 [INFO] root: بدء تشغيل نظام الإمداد والتموين
2026-09-01 03:07:11,411 [INFO] root: ============================================================
2026-09-01 03:07:11,411 [INFO] root: تهيئة قاعدة البيانات...
2026-09-01 03:07:22,482 [INFO] root: ============================================================
2026-09-01 03:07:22,482 [INFO] root: بدء تشغيل نظام الإمداد والتموين
2026-09-01 03:07:22,482 [INFO] root: ============================================================
2026-09-01 03:07:22,482 [INFO] root: تهيئة قاعدة البيانات...
2026-09-01 03:07:26,577 [INFO] root: ============================================================
2026-09-01 03:07:26,577 [INFO] root: بدء تشغيل نظام الإمداد والتموين
2026-09-01 03:07:26,578 [INFO] root: ============================================================
2026-09-01 03:07:26,578 [INFO] root: تهيئة قاعدة البيانات...
2026-09-01 03:08:43,147 [INFO] root: ============================================================
2026-09-01 03:08:43,147 [INFO] root: بدء تشغيل نظام الإمداد والتموين
2026-09-01 03:08:43,147 [INFO] root: ============================================================
2026-09-01 03:08:43,148 [INFO] root: تهيئة قاعدة البيانات...
2026-09-01 03:18:13,797 [INFO] root: ============================================================
2026-09-01 03:18:13,797 [INFO] root: بدء تشغيل نظام الإمداد والتموين
2026-09-01 03:18:13,798 [INFO] root: ============================================================
2026-09-01 03:18:13,798 [INFO] root: تهيئة قاعدة البيانات...
2026-09-01 03:18:36,940 [INFO] root: تم تشغيل التطبيق بنجاح
2026-09-01 03:24:22,646 [INFO] root: ============================================================
2026-09-01 03:24:22,646 [INFO] root: بدء تشغيل نظام الإمداد والتموين
2026-09-01 03:24:22,646 [INFO] root: ============================================================
2026-09-01 03:24:22,646 [INFO] root: تهيئة قاعدة البيانات...
2026-09-01 03:24:34,444 [INFO] root: ============================================================
2026-09-01 03:24:34,444 [INFO] root: بدء تشغيل نظام الإمداد والتموين
2026-09-01 03:24:34,445 [INFO] root: ============================================================
2026-09-01 03:24:34,445 [INFO] root: تهيئة قاعدة البيانات...
2026-09-01 03:24:58,772 [INFO] root: تم تشغيل التطبيق بنجاح
2026-09-01 05:25:42,530 [INFO] root: ============================================================
2026-09-01 05:25:42,530 [INFO] root: بدء تشغيل نظام الإمداد والتموين
2026-09-01 05:25:42,530 [INFO] root: ============================================================
2026-09-01 05:25:42,530 [INFO] root: تهيئة قاعدة البيانات...
2026-09-01 05:26:06,001 [INFO] root: تم تشغيل التطبيق بنجاح
2026-09-01 05:27:49,615 [INFO] root: ============================================================
2026-09-01 05:27:49,615 [INFO] root: بدء تشغيل نظام الإمداد والتموين
2026-09-01 05:27:49,615 [INFO] root: ============================================================
2026-09-01 05:27:49,615 [INFO] root: تهيئة قاعدة البيانات...
2026-09-01 05:28:08,488 [INFO] root: تم تشغيل التطبيق بنجاح
2026-09-01 06:01:33,768 [INFO] root: ============================================================
2026-09-01 06:01:33,769 [INFO] root: بدء تشغيل نظام الإمداد والتموين
2026-09-01 06:01:33,769 [INFO] root: ============================================================
2026-09-01 06:01:33,769 [INFO] root: تهيئة قاعدة البيانات...
2026-09-01 06:02:22,824 [INFO] root: تم تشغيل التطبيق بنجاح
2026-09-01 06:15:59,235 [INFO] root: ============================================================
2026-09-01 06:15:59,235 [INFO] root: بدء تشغيل نظام الإمداد والتموين
2026-09-01 06:15:59,235 [INFO] root: ============================================================
2026-09-01 06:15:59,235 [INFO] root: تهيئة قاعدة البيانات...
2026-09-01 06:16:16,989 [INFO] root: تم تشغيل التطبيق بنجاح
2026-09-01 06:42:41,683 [INFO] root: ============================================================
2026-09-01 06:42:41,683 [INFO] root: بدء تشغيل نظام الإمداد والتموين
2026-09-01 06:42:41,684 [INFO] root: ============================================================
2026-09-01 06:42:41,684 [INFO] root: تهيئة قاعدة البيانات...
2026-09-01 06:44:41,833 [INFO] root: تم تشغيل التطبيق بنجاح
2026-09-01 07:24:19,831 [INFO] root: ============================================================
2026-09-01 07:24:19,831 [INFO] root: بدء تشغيل نظام الإمداد والتموين
2026-09-01 07:24:19,831 [INFO] root: ============================================================
2026-09-01 07:24:19,832 [INFO] root: تهيئة قاعدة البيانات...
2026-09-01 07:25:17,527 [INFO] root: ============================================================
2026-09-01 07:25:17,528 [INFO] root: بدء تشغيل نظام الإمداد والتموين
2026-09-01 07:25:17,528 [INFO] root: ============================================================
2026-09-01 07:25:17,529 [INFO] root: تهيئة قاعدة البيانات...
2026-09-01 07:26:43,269 [INFO] root: تم تشغيل التطبيق بنجاح
2026-09-01 18:07:45,685 [INFO] root: ============================================================
2026-09-01 18:07:45,686 [INFO] root: بدء تشغيل نظام الإمداد والتموين
2026-09-01 18:07:45,686 [INFO] root: ============================================================
2026-09-01 18:07:45,686 [INFO] root: تهيئة قاعدة البيانات...
2026-09-01 18:08:23,579 [INFO] root: تم تشغيل التطبيق بنجاح
2026-09-01 20:43:49,547 [INFO] root: ============================================================
2026-09-01 20:43:49,547 [INFO] root: بدء تشغيل نظام الإمداد والتموين
2026-09-01 20:43:49,548 [INFO] root: ============================================================
2026-09-01 20:43:49,548 [INFO] root: تهيئة قاعدة البيانات...
2026-09-01 20:44:38,010 [INFO] root: تم تشغيل التطبيق بنجاح
2026-09-01 21:11:16,652 [INFO] root: ============================================================
2026-09-01 21:11:16,653 [INFO] root: بدء تشغيل نظام الإمداد والتموين
2026-09-01 21:11:16,654 [INFO] root: ============================================================
2026-09-01 21:11:16,655 [INFO] root: تهيئة قاعدة البيانات...
2026-09-01 21:12:05,262 [INFO] root: ============================================================
2026-09-01 21:12:05,263 [INFO] root: بدء تشغيل نظام الإمداد والتموين
2026-09-01 21:12:05,263 [INFO] root: ============================================================
2026-09-01 21:12:05,264 [INFO] root: تهيئة قاعدة البيانات...
2026-09-01 21:39:59,003 [INFO] root: ============================================================
2026-09-01 21:39:59,004 [INFO] root: بدء تشغيل نظام الإمداد والتموين
2026-09-01 21:39:59,005 [INFO] root: ============================================================
2026-09-01 21:39:59,005 [INFO] root: تهيئة قاعدة البيانات...
2026-09-01 21:40:29,075 [INFO] root: تم تشغيل التطبيق بنجاح
2026-09-01 21:59:18,108 [INFO] root: ============================================================
2026-09-01 21:59:18,109 [INFO] root: بدء تشغيل نظام الإمداد والتموين
2026-09-01 21:59:18,110 [INFO] root: ============================================================
2026-09-01 21:59:18,111 [INFO] root: تهيئة قاعدة البيانات...
2026-09-01 22:00:20,490 [INFO] root: ============================================================
2026-09-01 22:00:20,517 [INFO] root: بدء تشغيل نظام الإمداد والتموين
2026-09-01 22:00:20,518 [INFO] root: ============================================================
2026-09-01 22:00:20,519 [INFO] root: تهيئة قاعدة البيانات...
2026-09-01 22:01:15,016 [INFO] root: ============================================================
2026-09-01 22:01:15,017 [INFO] root: بدء تشغيل نظام الإمداد والتموين
2026-09-01 22:01:15,017 [INFO] root: ============================================================
2026-09-01 22:01:15,018 [INFO] root: تهيئة قاعدة البيانات...
2026-09-01 22:02:30,158 [INFO] root: ============================================================
2026-09-01 22:02:30,186 [INFO] root: بدء تشغيل نظام الإمداد والتموين
2026-09-01 22:02:30,188 [INFO] root: ============================================================
2026-09-01 22:02:30,189 [INFO] root: تهيئة قاعدة البيانات...
2026-09-01 22:06:33,519 [INFO] root: ============================================================
2026-09-01 22:06:33,520 [INFO] root: بدء تشغيل نظام الإمداد والتموين
2026-09-01 22:06:33,521 [INFO] root: ============================================================
2026-09-01 22:06:33,522 [INFO] root: تهيئة قاعدة البيانات...
2026-09-01 22:09:36,262 [INFO] root: ============================================================
2026-09-01 22:09:36,264 [INFO] root: بدء تشغيل نظام الإمداد والتموين
2026-09-01 22:09:36,265 [INFO] root: ============================================================
2026-09-01 22:09:36,266 [INFO] root: تهيئة قاعدة البيانات...
2026-09-01 22:13:42,204 [INFO] root: ============================================================
2026-09-01 22:13:42,206 [INFO] root: بدء تشغيل نظام الإمداد والتموين
2026-09-01 22:13:42,207 [INFO] root: ============================================================
2026-09-01 22:13:42,207 [INFO] root: تهيئة قاعدة البيانات...
2026-09-01 22:14:16,657 [INFO] root: تم تشغيل التطبيق بنجاح
2026-09-01 22:56:13,273 [INFO] root: ============================================================
2026-09-01 22:56:13,274 [INFO] root: بدء تشغيل نظام الإمداد والتموين
2026-09-01 22:56:13,275 [INFO] root: ============================================================
2026-09-01 22:56:13,276 [INFO] root: تهيئة قاعدة البيانات...
2026-09-01 23:10:28,875 [INFO] root: ============================================================
2026-09-01 23:10:28,875 [INFO] root: بدء تشغيل نظام الإمداد والتموين
2026-09-01 23:10:28,876 [INFO] root: ============================================================
2026-09-01 23:10:28,876 [INFO] root: تهيئة قاعدة البيانات...
2026-09-01 23:12:02,655 [INFO] root: ============================================================
2026-09-01 23:12:02,656 [INFO] root: بدء تشغيل نظام الإمداد والتموين
2026-09-01 23:12:02,656 [INFO] root: ============================================================
2026-09-01 23:12:02,657 [INFO] root: تهيئة قاعدة البيانات...
2026-09-01 23:12:18,564 [INFO] root: ============================================================
2026-09-01 23:12:18,565 [INFO] root: بدء تشغيل نظام الإمداد والتموين
2026-09-01 23:12:18,565 [INFO] root: ============================================================
2026-09-01 23:12:18,565 [INFO] root: تهيئة قاعدة البيانات...
2026-09-01 23:12:36,370 [INFO] root: ============================================================
2026-09-01 23:12:36,372 [INFO] root: بدء تشغيل نظام الإمداد والتموين
2026-09-01 23:12:36,373 [INFO] root: ============================================================
2026-09-01 23:12:36,374 [INFO] root: تهيئة قاعدة البيانات...
2026-09-01 23:13:32,483 [INFO] root: ============================================================
2026-09-01 23:13:32,511 [INFO] root: بدء تشغيل نظام الإمداد والتموين
2026-09-01 23:13:32,512 [INFO] root: ============================================================
2026-09-01 23:13:32,513 [INFO] root: تهيئة قاعدة البيانات...
2026-09-01 23:15:29,161 [INFO] root: ============================================================
2026-09-01 23:15:29,190 [INFO] root: بدء تشغيل نظام الإمداد والتموين
2026-09-01 23:15:29,191 [INFO] root: ============================================================
2026-09-01 23:15:29,194 [INFO] root: تهيئة قاعدة البيانات...
2026-09-03 03:35:47,643 [INFO] root: ============================================================
2026-09-03 03:35:47,644 [INFO] root: بدء تشغيل نظام الإمداد والتموين
2026-09-03 03:35:47,645 [INFO] root: ============================================================
2026-09-03 03:35:47,647 [INFO] root: تهيئة قاعدة البيانات...
2026-09-18 00:57:16,505 [INFO] root: ============================================================
2026-09-18 00:57:16,506 [INFO] root: بدء تشغيل نظام الإمداد والتموين
2026-09-18 00:57:16,506 [INFO] root: ============================================================
2026-09-18 00:57:16,506 [INFO] root: تهيئة قاعدة البيانات...
2026-09-18 00:58:22,702 [INFO] root: ============================================================
2026-09-18 00:58:22,702 [INFO] root: بدء تشغيل نظام الإمداد والتموين
2026-09-18 00:58:22,702 [INFO] root: ============================================================
2026-09-18 00:58:22,702 [INFO] root: تهيئة قاعدة البيانات...
2026-09-18 01:00:45,808 [INFO] root: ============================================================
2026-09-18 01:00:45,808 [INFO] root: بدء تشغيل نظام الإمداد والتموين
2026-09-18 01:00:45,808 [INFO] root: ============================================================
2026-09-18 01:00:45,808 [INFO] root: تهيئة قاعدة البيانات...
